leverag
lucen
3.1
inher
optim
bug
fix
well
new
analysi
capabl
233123001.01