adept
beneficial
dear
estimable
expert
full
good
honorable
just
near
practiced
proficient
respectable
skilful
skillful
soundly
thoroughly
upright
well
