leverages
lucene
3.1
inherent
optimizations
bug
fixes
well
new
analysis
capabilities