leverages
lucene
3.1
and
it
inherent
optimizations
and
bug
fixes
as
well
as
new
analysis
capabilities